Device: cuda
Monet images used for training: 300
Photo images used for training: 7038
Steps per epoch: 7038; epochs: 100; image size: 256
Parameters: {'G_A2B': 7837699, 'G_B2A': 7837699, 'D_A': 2764737, 'D_B': 2764737}
Resuming from epoch 10; target epoch: 100
epoch 11/100 G=5.2482 D_A=0.0524 D_B=0.1434 cycle=(0.1273,0.1393)
epoch 12/100 G=5.1821 D_A=0.0486 D_B=0.1293 cycle=(0.1230,0.1364)
epoch 13/100 G=5.1264 D_A=0.0470 D_B=0.1239 cycle=(0.1197,0.1340)
epoch 14/100 G=5.0555 D_A=0.0442 D_B=0.1212 cycle=(0.1164,0.1310)
epoch 15/100 G=5.0012 D_A=0.0418 D_B=0.1167 cycle=(0.1138,0.1281)
epoch 16/100 G=4.8578 D_A=0.0401 D_B=0.1288 cycle=(0.1110,0.1237)
epoch 17/100 G=4.7888 D_A=0.0376 D_B=0.1341 cycle=(0.1088,0.1225)
epoch 18/100 G=4.7600 D_A=0.0358 D_B=0.1267 cycle=(0.1069,0.1213)
epoch 19/100 G=4.7195 D_A=0.0345 D_B=0.1213 cycle=(0.1052,0.1188)
epoch 20/100 G=4.6369 D_A=0.0338 D_B=0.1172 cycle=(0.1027,0.1148)
epoch 21/100 G=4.6087 D_A=0.0329 D_B=0.1136 cycle=(0.1012,0.1136)
epoch 22/100 G=4.5775 D_A=0.0323 D_B=0.1132 cycle=(0.0997,0.1133)
epoch 23/100 G=4.5427 D_A=0.0314 D_B=0.1113 cycle=(0.0983,0.1117)
epoch 24/100 G=4.5140 D_A=0.0308 D_B=0.1109 cycle=(0.0971,0.1111)
epoch 25/100 G=4.4684 D_A=0.0307 D_B=0.1072 cycle=(0.0958,0.1086)
epoch 26/100 G=4.3939 D_A=0.0401 D_B=0.1055 cycle=(0.0947,0.1074)
epoch 27/100 G=4.2564 D_A=0.0856 D_B=0.1004 cycle=(0.0943,0.1097)
epoch 28/100 G=4.2594 D_A=0.0850 D_B=0.0994 cycle=(0.0940,0.1103)
epoch 29/100 G=4.2256 D_A=0.0812 D_B=0.0998 cycle=(0.0931,0.1086)
epoch 30/100 G=4.2555 D_A=0.0755 D_B=0.1025 cycle=(0.0926,0.1099)
epoch 31/100 G=4.2097 D_A=0.0730 D_B=0.1066 cycle=(0.0924,0.1084)
epoch 32/100 G=4.1907 D_A=0.0705 D_B=0.1082 cycle=(0.0913,0.1077)
epoch 33/100 G=4.1373 D_A=0.0691 D_B=0.1082 cycle=(0.0902,0.1055)
epoch 34/100 G=4.1332 D_A=0.0675 D_B=0.1087 cycle=(0.0898,0.1050)
epoch 35/100 G=4.1437 D_A=0.0645 D_B=0.1084 cycle=(0.0891,0.1058)
epoch 36/100 G=4.1035 D_A=0.0629 D_B=0.1078 cycle=(0.0882,0.1038)
epoch 37/100 G=4.0909 D_A=0.0620 D_B=0.1082 cycle=(0.0877,0.1034)
epoch 38/100 G=4.0700 D_A=0.0600 D_B=0.1081 cycle=(0.0872,0.1022)
epoch 39/100 G=4.0684 D_A=0.0575 D_B=0.1081 cycle=(0.0868,0.1024)
epoch 40/100 G=4.0732 D_A=0.0569 D_B=0.1074 cycle=(0.0866,0.1024)
epoch 41/100 G=4.0572 D_A=0.0554 D_B=0.1078 cycle=(0.0860,0.1014)
epoch 42/100 G=4.0060 D_A=0.0543 D_B=0.1073 cycle=(0.0849,0.0990)
epoch 43/100 G=4.0223 D_A=0.0541 D_B=0.1071 cycle=(0.0849,0.1004)
epoch 44/100 G=4.0056 D_A=0.0531 D_B=0.1069 cycle=(0.0845,0.0995)
epoch 45/100 G=3.9853 D_A=0.0528 D_B=0.1081 cycle=(0.0838,0.0985)
epoch 46/100 G=3.9714 D_A=0.0524 D_B=0.1068 cycle=(0.0833,0.0980)
epoch 47/100 G=3.9518 D_A=0.0514 D_B=0.1064 cycle=(0.0834,0.0963)
epoch 48/100 G=3.9439 D_A=0.0514 D_B=0.1060 cycle=(0.0828,0.0970)
epoch 49/100 G=3.9477 D_A=0.0538 D_B=0.1055 cycle=(0.0827,0.0970)
epoch 50/100 G=3.9010 D_A=0.0570 D_B=0.1053 cycle=(0.0820,0.0959)
epoch 51/100 G=3.9144 D_A=0.0576 D_B=0.1026 cycle=(0.0817,0.0966)
epoch 52/100 G=3.8802 D_A=0.0573 D_B=0.1036 cycle=(0.0813,0.0949)
epoch 53/100 G=3.8758 D_A=0.0576 D_B=0.1022 cycle=(0.0810,0.0950)
epoch 54/100 G=3.8485 D_A=0.0567 D_B=0.1005 cycle=(0.0800,0.0938)
epoch 55/100 G=3.8595 D_A=0.0565 D_B=0.0993 cycle=(0.0800,0.0941)
epoch 56/100 G=3.8265 D_A=0.0551 D_B=0.0989 cycle=(0.0794,0.0925)
epoch 57/100 G=3.8192 D_A=0.0551 D_B=0.0977 cycle=(0.0789,0.0921)
epoch 58/100 G=3.7840 D_A=0.0552 D_B=0.0966 cycle=(0.0786,0.0904)
epoch 59/100 G=3.8033 D_A=0.0533 D_B=0.0963 cycle=(0.0779,0.0915)
epoch 60/100 G=3.7900 D_A=0.0529 D_B=0.0940 cycle=(0.0776,0.0910)
epoch 61/100 G=3.7709 D_A=0.0526 D_B=0.0935 cycle=(0.0774,0.0899)
epoch 62/100 G=3.7702 D_A=0.0527 D_B=0.0924 cycle=(0.0769,0.0897)
epoch 63/100 G=3.7593 D_A=0.0526 D_B=0.0899 cycle=(0.0764,0.0889)
epoch 64/100 G=3.7426 D_A=0.0511 D_B=0.0896 cycle=(0.0762,0.0880)
epoch 65/100 G=3.7345 D_A=0.0499 D_B=0.0881 cycle=(0.0757,0.0875)
epoch 66/100 G=3.7223 D_A=0.0508 D_B=0.0884 cycle=(0.0757,0.0872)
epoch 67/100 G=3.7166 D_A=0.0509 D_B=0.0859 cycle=(0.0752,0.0868)
epoch 68/100 G=3.7073 D_A=0.0499 D_B=0.0867 cycle=(0.0751,0.0859)
epoch 69/100 G=3.6949 D_A=0.0490 D_B=0.0855 cycle=(0.0744,0.0854)
epoch 70/100 G=3.6974 D_A=0.0472 D_B=0.0848 cycle=(0.0745,0.0850)
epoch 71/100 G=3.6879 D_A=0.0474 D_B=0.0839 cycle=(0.0744,0.0846)
epoch 72/100 G=3.6882 D_A=0.0469 D_B=0.0837 cycle=(0.0741,0.0845)
epoch 73/100 G=3.6629 D_A=0.0462 D_B=0.0826 cycle=(0.0739,0.0829)
epoch 74/100 G=3.6618 D_A=0.0462 D_B=0.0814 cycle=(0.0737,0.0828)
epoch 75/100 G=3.6593 D_A=0.0453 D_B=0.0816 cycle=(0.0736,0.0822)
epoch 76/100 G=3.6401 D_A=0.0445 D_B=0.0811 cycle=(0.0732,0.0813)
epoch 77/100 G=3.6561 D_A=0.0438 D_B=0.0811 cycle=(0.0731,0.0820)
epoch 78/100 G=3.6388 D_A=0.0436 D_B=0.0810 cycle=(0.0728,0.0812)
epoch 79/100 G=3.6355 D_A=0.0428 D_B=0.0790 cycle=(0.0728,0.0808)
epoch 80/100 G=3.6341 D_A=0.0417 D_B=0.0789 cycle=(0.0726,0.0803)
epoch 81/100 G=3.6243 D_A=0.0418 D_B=0.0783 cycle=(0.0723,0.0795)
epoch 82/100 G=3.6244 D_A=0.0408 D_B=0.0785 cycle=(0.0722,0.0796)
epoch 83/100 G=3.6209 D_A=0.0402 D_B=0.0772 cycle=(0.0721,0.0790)
epoch 84/100 G=3.6163 D_A=0.0402 D_B=0.0763 cycle=(0.0719,0.0784)
epoch 85/100 G=3.6038 D_A=0.0394 D_B=0.0765 cycle=(0.0719,0.0773)
epoch 86/100 G=3.6080 D_A=0.0385 D_B=0.0751 cycle=(0.0718,0.0773)
epoch 87/100 G=3.6007 D_A=0.0381 D_B=0.0755 cycle=(0.0716,0.0770)
epoch 88/100 G=3.6005 D_A=0.0374 D_B=0.0745 cycle=(0.0716,0.0761)
epoch 89/100 G=3.6097 D_A=0.0370 D_B=0.0742 cycle=(0.0715,0.0767)
epoch 90/100 G=3.6018 D_A=0.0364 D_B=0.0736 cycle=(0.0714,0.0759)
epoch 91/100 G=3.6057 D_A=0.0357 D_B=0.0725 cycle=(0.0714,0.0752)
epoch 92/100 G=3.6113 D_A=0.0348 D_B=0.0716 cycle=(0.0713,0.0752)
epoch 93/100 G=3.6004 D_A=0.0346 D_B=0.0717 cycle=(0.0711,0.0743)
epoch 94/100 G=3.6068 D_A=0.0343 D_B=0.0705 cycle=(0.0710,0.0745)
epoch 95/100 G=3.6111 D_A=0.0335 D_B=0.0697 cycle=(0.0708,0.0740)
epoch 96/100 G=3.6061 D_A=0.0325 D_B=0.0698 cycle=(0.0708,0.0735)
epoch 97/100 G=3.6048 D_A=0.0319 D_B=0.0680 cycle=(0.0708,0.0730)
epoch 98/100 G=3.5999 D_A=0.0314 D_B=0.0685 cycle=(0.0708,0.0723)
epoch 99/100 G=3.6074 D_A=0.0309 D_B=0.0675 cycle=(0.0706,0.0724)
epoch 100/100 G=3.6024 D_A=0.0301 D_B=0.0666 cycle=(0.0705,0.0720)
Training and translation generation complete.
A2B outputs: /content/task3_gan/Nikhil_Kanaparthi/outputs/pred_A2B
B2A outputs: /content/task3_gan/Nikhil_Kanaparthi/outputs/pred_B2A
