2026-10-06 18:11:39,526 | Resumed from epoch 150; learning rates reset for fine-tuning.
2026-10-06 18:11:39,529 | Training batches per epoch: 5630
2026-10-06 18:11:39,529 | Starting at epoch 151; ending at epoch 161
2026-10-06 18:11:40,551 | Epoch [151/161] Step [1/5630] | G: 2.1721 | D_A: 0.1162 | D_B: 0.0107
2026-10-06 18:12:26,697 | Epoch [151/161] Step [500/5630] | G: 3.2140 | D_A: 0.2186 | D_B: 0.0173
2026-10-06 18:13:12,797 | Epoch [151/161] Step [1000/5630] | G: 2.7954 | D_A: 0.2392 | D_B: 0.0137
2026-10-06 18:13:59,382 | Epoch [151/161] Step [1500/5630] | G: 3.2236 | D_A: 0.2330 | D_B: 0.0261
2026-10-06 18:14:46,286 | Epoch [151/161] Step [2000/5630] | G: 2.6423 | D_A: 0.1894 | D_B: 0.0215
2026-10-06 18:15:32,434 | Epoch [151/161] Step [2500/5630] | G: 2.7421 | D_A: 0.1094 | D_B: 0.0285
2026-10-06 18:16:18,538 | Epoch [151/161] Step [3000/5630] | G: 2.2848 | D_A: 0.0688 | D_B: 0.0162
2026-10-06 18:17:04,676 | Epoch [151/161] Step [3500/5630] | G: 2.3662 | D_A: 0.1069 | D_B: 0.0327
2026-10-06 18:17:51,166 | Epoch [151/161] Step [4000/5630] | G: 2.9868 | D_A: 0.2583 | D_B: 0.0134
2026-10-06 18:18:37,333 | Epoch [151/161] Step [4500/5630] | G: 2.5739 | D_A: 0.2444 | D_B: 0.0259
2026-10-06 18:19:23,439 | Epoch [151/161] Step [5000/5630] | G: 3.0009 | D_A: 0.1934 | D_B: 0.0142
2026-10-06 18:20:09,848 | Epoch [151/161] Step [5500/5630] | G: 2.5276 | D_A: 0.1217 | D_B: 0.0173
2026-10-06 18:20:21,922 | Epoch [151/161] done | G: 2.7284 | D_A: 0.1684 | D_B: 0.0209 | lr_G: 0.0000909 | lr_D_A: 0.0000909 | lr_D_B: 0.0000273
2026-10-06 18:20:58,504 | Epoch [151/161] evaluation | Photo->Monet FID: 110.818, MiFID: 0.3975 | Monet->Photo FID: 102.458, MiFID: 0.4153 | Average FID: 106.638, Average MiFID: 0.4064
2026-10-06 18:21:01,077 | Epoch [152/161] Step [1/5630] | G: 2.1181 | D_A: 0.1889 | D_B: 0.0132
2026-10-06 18:21:48,099 | Epoch [152/161] Step [500/5630] | G: 2.4685 | D_A: 0.0515 | D_B: 0.0490
2026-10-06 18:22:35,686 | Epoch [152/161] Step [1000/5630] | G: 2.7426 | D_A: 0.1462 | D_B: 0.0102
2026-10-06 18:23:22,435 | Epoch [152/161] Step [1500/5630] | G: 3.1602 | D_A: 0.1767 | D_B: 0.0142
2026-10-06 18:24:08,940 | Epoch [152/161] Step [2000/5630] | G: 2.2055 | D_A: 0.1772 | D_B: 0.0163
2026-10-06 18:24:55,317 | Epoch [152/161] Step [2500/5630] | G: 2.9262 | D_A: 0.1686 | D_B: 0.0161
2026-10-06 18:25:41,709 | Epoch [152/161] Step [3000/5630] | G: 2.2769 | D_A: 0.2213 | D_B: 0.0133
2026-10-06 18:26:28,340 | Epoch [152/161] Step [3500/5630] | G: 2.5915 | D_A: 0.1734 | D_B: 0.0133
2026-10-06 18:27:14,575 | Epoch [152/161] Step [4000/5630] | G: 2.4287 | D_A: 0.1668 | D_B: 0.0261
2026-10-06 18:28:01,969 | Epoch [152/161] Step [4500/5630] | G: 2.7809 | D_A: 0.2395 | D_B: 0.0124
2026-10-06 18:28:48,140 | Epoch [152/161] Step [5000/5630] | G: 2.3871 | D_A: 0.2001 | D_B: 0.0248
2026-10-06 18:29:34,543 | Epoch [152/161] Step [5500/5630] | G: 2.3777 | D_A: 0.1382 | D_B: 0.0212
2026-10-06 18:29:46,635 | Epoch [152/161] done | G: 2.6684 | D_A: 0.1662 | D_B: 0.0209 | lr_G: 0.0000818 | lr_D_A: 0.0000818 | lr_D_B: 0.0000245
2026-10-06 18:30:22,346 | Epoch [152/161] evaluation | Photo->Monet FID: 109.194, MiFID: 0.3981 | Monet->Photo FID: 102.764, MiFID: 0.4166 | Average FID: 105.979, Average MiFID: 0.4073
2026-10-06 18:30:24,852 | Epoch [153/161] Step [1/5630] | G: 2.4824 | D_A: 0.2306 | D_B: 0.0124
2026-10-06 18:31:11,512 | Epoch [153/161] Step [500/5630] | G: 2.7851 | D_A: 0.2197 | D_B: 0.0144
2026-10-06 18:31:58,170 | Epoch [153/161] Step [1000/5630] | G: 2.5046 | D_A: 0.1825 | D_B: 0.0092
2026-10-06 18:32:44,593 | Epoch [153/161] Step [1500/5630] | G: 1.9812 | D_A: 0.1337 | D_B: 0.0397
2026-10-06 18:33:31,435 | Epoch [153/161] Step [2000/5630] | G: 3.4105 | D_A: 0.2068 | D_B: 0.0181
2026-10-06 18:34:18,094 | Epoch [153/161] Step [2500/5630] | G: 3.0761 | D_A: 0.0820 | D_B: 0.0159
2026-10-06 18:35:04,743 | Epoch [153/161] Step [3000/5630] | G: 2.7978 | D_A: 0.2024 | D_B: 0.0147
2026-10-06 18:35:51,186 | Epoch [153/161] Step [3500/5630] | G: 2.9733 | D_A: 0.2178 | D_B: 0.0166
2026-10-06 18:36:37,545 | Epoch [153/161] Step [4000/5630] | G: 3.0186 | D_A: 0.1901 | D_B: 0.0137
2026-10-06 18:37:24,394 | Epoch [153/161] Step [4500/5630] | G: 2.8899 | D_A: 0.0973 | D_B: 0.0132
2026-10-06 18:38:10,719 | Epoch [153/161] Step [5000/5630] | G: 2.8119 | D_A: 0.1770 | D_B: 0.0109
2026-10-06 18:38:57,005 | Epoch [153/161] Step [5500/5630] | G: 2.6004 | D_A: 0.1459 | D_B: 0.0106
2026-10-06 18:39:09,147 | Epoch [153/161] done | G: 2.6276 | D_A: 0.1664 | D_B: 0.0213 | lr_G: 0.0000727 | lr_D_A: 0.0000727 | lr_D_B: 0.0000218
2026-10-06 18:39:43,605 | Epoch [153/161] evaluation | Photo->Monet FID: 107.852, MiFID: 0.3969 | Monet->Photo FID: 104.761, MiFID: 0.4164 | Average FID: 106.306, Average MiFID: 0.4067
2026-10-06 18:39:46,007 | Epoch [154/161] Step [1/5630] | G: 2.5270 | D_A: 0.1338 | D_B: 0.0115
2026-10-06 18:40:32,740 | Epoch [154/161] Step [500/5630] | G: 2.2876 | D_A: 0.1934 | D_B: 0.0217
2026-10-06 18:41:19,585 | Epoch [154/161] Step [1000/5630] | G: 3.1496 | D_A: 0.0780 | D_B: 0.0124
2026-10-06 18:42:06,420 | Epoch [154/161] Step [1500/5630] | G: 2.4065 | D_A: 0.1141 | D_B: 0.0364
2026-10-06 18:42:52,977 | Epoch [154/161] Step [2000/5630] | G: 3.5204 | D_A: 0.1994 | D_B: 0.0399
2026-10-06 18:43:39,811 | Epoch [154/161] Step [2500/5630] | G: 2.4027 | D_A: 0.1922 | D_B: 0.0114
2026-10-06 18:44:26,787 | Epoch [154/161] Step [3000/5630] | G: 2.3764 | D_A: 0.0917 | D_B: 0.0175
2026-10-06 18:45:13,294 | Epoch [154/161] Step [3500/5630] | G: 2.2253 | D_A: 0.0738 | D_B: 0.0191
2026-10-06 18:45:59,866 | Epoch [154/161] Step [4000/5630] | G: 2.6821 | D_A: 0.2556 | D_B: 0.0113
2026-10-06 18:46:46,298 | Epoch [154/161] Step [4500/5630] | G: 2.9740 | D_A: 0.1313 | D_B: 0.0144
2026-10-06 18:47:32,578 | Epoch [154/161] Step [5000/5630] | G: 2.7424 | D_A: 0.0836 | D_B: 0.0279
2026-10-06 18:48:18,947 | Epoch [154/161] Step [5500/5630] | G: 2.4839 | D_A: 0.1265 | D_B: 0.0202
2026-10-06 18:48:31,022 | Epoch [154/161] done | G: 2.6012 | D_A: 0.1670 | D_B: 0.0215 | lr_G: 0.0000636 | lr_D_A: 0.0000636 | lr_D_B: 0.0000191
2026-10-06 18:49:07,449 | Epoch [154/161] evaluation | Photo->Monet FID: 108.127, MiFID: 0.3939 | Monet->Photo FID: 102.439, MiFID: 0.4169 | Average FID: 105.283, Average MiFID: 0.4054
2026-10-06 18:49:10,244 | Epoch [155/161] Step [1/5630] | G: 2.0176 | D_A: 0.1578 | D_B: 0.0158
2026-10-06 18:49:57,345 | Epoch [155/161] Step [500/5630] | G: 2.4431 | D_A: 0.1669 | D_B: 0.0194
2026-10-06 18:50:43,944 | Epoch [155/161] Step [1000/5630] | G: 2.4865 | D_A: 0.1469 | D_B: 0.0110
2026-10-06 18:51:30,618 | Epoch [155/161] Step [1500/5630] | G: 2.2609 | D_A: 0.2320 | D_B: 0.0150
2026-10-06 18:52:17,062 | Epoch [155/161] Step [2000/5630] | G: 1.9789 | D_A: 0.2015 | D_B: 0.0231
2026-10-06 18:53:03,340 | Epoch [155/161] Step [2500/5630] | G: 2.5691 | D_A: 0.1641 | D_B: 0.0196
2026-10-06 18:53:49,730 | Epoch [155/161] Step [3000/5630] | G: 2.2729 | D_A: 0.1610 | D_B: 0.0251
2026-10-06 18:54:36,260 | Epoch [155/161] Step [3500/5630] | G: 2.2500 | D_A: 0.2413 | D_B: 0.0167
2026-10-06 18:55:22,621 | Epoch [155/161] Step [4000/5630] | G: 2.4175 | D_A: 0.0659 | D_B: 0.0112
2026-10-06 18:56:08,910 | Epoch [155/161] Step [4500/5630] | G: 2.7329 | D_A: 0.2125 | D_B: 0.0171
2026-10-06 18:56:55,259 | Epoch [155/161] Step [5000/5630] | G: 2.8121 | D_A: 0.0994 | D_B: 0.0145
2026-10-06 18:57:41,730 | Epoch [155/161] Step [5500/5630] | G: 2.7205 | D_A: 0.2713 | D_B: 0.0155
2026-10-06 18:57:53,742 | Epoch [155/161] done | G: 2.5792 | D_A: 0.1670 | D_B: 0.0220 | lr_G: 0.0000545 | lr_D_A: 0.0000545 | lr_D_B: 0.0000164
2026-10-06 18:58:29,705 | Epoch [155/161] evaluation | Photo->Monet FID: 107.134, MiFID: 0.3974 | Monet->Photo FID: 102.770, MiFID: 0.4192 | Average FID: 104.952, Average MiFID: 0.4083
2026-10-06 18:58:32,319 | Epoch [156/161] Step [1/5630] | G: 2.3439 | D_A: 0.1768 | D_B: 0.0305
2026-10-06 18:59:18,858 | Epoch [156/161] Step [500/5630] | G: 2.4367 | D_A: 0.2152 | D_B: 0.0237
2026-10-06 19:00:05,479 | Epoch [156/161] Step [1000/5630] | G: 2.5786 | D_A: 0.1835 | D_B: 0.0099
2026-10-06 19:00:52,432 | Epoch [156/161] Step [1500/5630] | G: 2.6543 | D_A: 0.1955 | D_B: 0.0413
2026-10-06 19:01:40,364 | Epoch [156/161] Step [2000/5630] | G: 2.9870 | D_A: 0.1103 | D_B: 0.0269
2026-10-06 19:02:27,834 | Epoch [156/161] Step [2500/5630] | G: 2.7952 | D_A: 0.1329 | D_B: 0.0168
2026-10-06 19:03:15,175 | Epoch [156/161] Step [3000/5630] | G: 2.7095 | D_A: 0.1896 | D_B: 0.0127
2026-10-06 19:04:03,230 | Epoch [156/161] Step [3500/5630] | G: 2.6285 | D_A: 0.2515 | D_B: 0.0141
2026-10-06 19:04:50,934 | Epoch [156/161] Step [4000/5630] | G: 2.4068 | D_A: 0.2135 | D_B: 0.0204
2026-10-06 19:05:38,275 | Epoch [156/161] Step [4500/5630] | G: 2.2799 | D_A: 0.1042 | D_B: 0.0379
2026-10-06 19:06:25,648 | Epoch [156/161] Step [5000/5630] | G: 3.0927 | D_A: 0.1070 | D_B: 0.0306
2026-10-06 19:07:12,980 | Epoch [156/161] Step [5500/5630] | G: 2.6967 | D_A: 0.2015 | D_B: 0.0153
2026-10-06 19:07:25,237 | Epoch [156/161] done | G: 2.5540 | D_A: 0.1665 | D_B: 0.0221 | lr_G: 0.0000455 | lr_D_A: 0.0000455 | lr_D_B: 0.0000136
2026-10-06 19:08:08,544 | Epoch [156/161] evaluation | Photo->Monet FID: 108.669, MiFID: 0.3956 | Monet->Photo FID: 103.680, MiFID: 0.4155 | Average FID: 106.174, Average MiFID: 0.4056
2026-10-06 19:08:11,084 | Epoch [157/161] Step [1/5630] | G: 2.5141 | D_A: 0.1086 | D_B: 0.0274
2026-10-06 19:08:58,455 | Epoch [157/161] Step [500/5630] | G: 2.5229 | D_A: 0.2151 | D_B: 0.0117
2026-10-06 19:09:47,550 | Epoch [157/161] Step [1000/5630] | G: 2.4303 | D_A: 0.0864 | D_B: 0.0180
2026-10-06 19:10:35,502 | Epoch [157/161] Step [1500/5630] | G: 2.6997 | D_A: 0.1942 | D_B: 0.0120
2026-10-06 19:11:22,834 | Epoch [157/161] Step [2000/5630] | G: 2.1575 | D_A: 0.0744 | D_B: 0.0346
2026-10-06 19:12:09,931 | Epoch [157/161] Step [2500/5630] | G: 2.1896 | D_A: 0.1646 | D_B: 0.0166
2026-10-06 19:12:57,156 | Epoch [157/161] Step [3000/5630] | G: 2.6093 | D_A: 0.1728 | D_B: 0.0142
2026-10-06 19:13:44,501 | Epoch [157/161] Step [3500/5630] | G: 2.4574 | D_A: 0.2002 | D_B: 0.0230
2026-10-06 19:14:32,588 | Epoch [157/161] Step [4000/5630] | G: 2.5631 | D_A: 0.2768 | D_B: 0.0245
2026-10-06 19:15:22,390 | Epoch [157/161] Step [4500/5630] | G: 2.2650 | D_A: 0.1759 | D_B: 0.0133
2026-10-06 19:16:10,981 | Epoch [157/161] Step [5000/5630] | G: 2.5345 | D_A: 0.2304 | D_B: 0.0210
2026-10-06 19:17:00,067 | Epoch [157/161] Step [5500/5630] | G: 2.5924 | D_A: 0.1700 | D_B: 0.0165
2026-10-06 19:17:13,499 | Epoch [157/161] done | G: 2.5334 | D_A: 0.1669 | D_B: 0.0228 | lr_G: 0.0000364 | lr_D_A: 0.0000364 | lr_D_B: 0.0000109
2026-10-06 19:17:55,711 | Epoch [157/161] evaluation | Photo->Monet FID: 110.252, MiFID: 0.3990 | Monet->Photo FID: 102.186, MiFID: 0.4172 | Average FID: 106.219, Average MiFID: 0.4081
2026-10-06 19:17:58,888 | Epoch [158/161] Step [1/5630] | G: 2.4147 | D_A: 0.0824 | D_B: 0.0224
2026-10-06 19:18:49,088 | Epoch [158/161] Step [500/5630] | G: 2.7033 | D_A: 0.1156 | D_B: 0.0199
2026-10-06 19:19:40,554 | Epoch [158/161] Step [1000/5630] | G: 2.5200 | D_A: 0.1197 | D_B: 0.0151
2026-10-06 19:20:32,183 | Epoch [158/161] Step [1500/5630] | G: 2.4309 | D_A: 0.2759 | D_B: 0.0155
2026-10-06 19:21:19,818 | Epoch [158/161] Step [2000/5630] | G: 2.6027 | D_A: 0.2175 | D_B: 0.0244
2026-10-06 19:22:08,070 | Epoch [158/161] Step [2500/5630] | G: 2.4977 | D_A: 0.1045 | D_B: 0.0163
2026-10-06 19:22:56,712 | Epoch [158/161] Step [3000/5630] | G: 2.4619 | D_A: 0.2443 | D_B: 0.0150
2026-10-06 19:23:44,429 | Epoch [158/161] Step [3500/5630] | G: 2.3292 | D_A: 0.1952 | D_B: 0.0121
2026-10-06 19:24:31,826 | Epoch [158/161] Step [4000/5630] | G: 2.3262 | D_A: 0.1379 | D_B: 0.0243
2026-10-06 19:25:19,715 | Epoch [158/161] Step [4500/5630] | G: 2.6890 | D_A: 0.1308 | D_B: 0.0130
2026-10-06 19:26:07,250 | Epoch [158/161] Step [5000/5630] | G: 2.6006 | D_A: 0.2544 | D_B: 0.0160
2026-10-06 19:26:54,552 | Epoch [158/161] Step [5500/5630] | G: 2.4724 | D_A: 0.1566 | D_B: 0.0190
2026-10-06 19:27:06,828 | Epoch [158/161] done | G: 2.5206 | D_A: 0.1660 | D_B: 0.0232 | lr_G: 0.0000273 | lr_D_A: 0.0000273 | lr_D_B: 0.0000082
2026-10-06 19:27:54,386 | Epoch [158/161] evaluation | Photo->Monet FID: 108.364, MiFID: 0.3978 | Monet->Photo FID: 104.019, MiFID: 0.4185 | Average FID: 106.192, Average MiFID: 0.4082
2026-10-06 19:27:56,763 | Epoch [159/161] Step [1/5630] | G: 2.1279 | D_A: 0.1868 | D_B: 0.0245
2026-10-06 19:28:44,484 | Epoch [159/161] Step [500/5630] | G: 2.6621 | D_A: 0.1931 | D_B: 0.0327
2026-10-06 19:29:32,111 | Epoch [159/161] Step [1000/5630] | G: 2.6571 | D_A: 0.0866 | D_B: 0.0308
2026-10-06 19:30:19,567 | Epoch [159/161] Step [1500/5630] | G: 2.6385 | D_A: 0.2597 | D_B: 0.0190
2026-10-06 19:31:07,110 | Epoch [159/161] Step [2000/5630] | G: 2.1912 | D_A: 0.1048 | D_B: 0.0185
2026-10-06 19:31:54,878 | Epoch [159/161] Step [2500/5630] | G: 3.0435 | D_A: 0.2414 | D_B: 0.0239
2026-10-06 19:32:42,365 | Epoch [159/161] Step [3000/5630] | G: 2.3225 | D_A: 0.1207 | D_B: 0.0405
2026-10-06 19:33:29,895 | Epoch [159/161] Step [3500/5630] | G: 2.2841 | D_A: 0.1232 | D_B: 0.0166
2026-10-06 19:34:17,432 | Epoch [159/161] Step [4000/5630] | G: 2.9193 | D_A: 0.1309 | D_B: 0.0521
2026-10-06 19:35:04,846 | Epoch [159/161] Step [4500/5630] | G: 2.3814 | D_A: 0.2107 | D_B: 0.0229
2026-10-06 19:35:52,338 | Epoch [159/161] Step [5000/5630] | G: 2.3044 | D_A: 0.2093 | D_B: 0.0107
2026-10-06 19:36:39,233 | Epoch [159/161] Step [5500/5630] | G: 2.1033 | D_A: 0.2079 | D_B: 0.0179
2026-10-06 19:36:51,495 | Epoch [159/161] done | G: 2.5028 | D_A: 0.1659 | D_B: 0.0235 | lr_G: 0.0000182 | lr_D_A: 0.0000182 | lr_D_B: 0.0000055
2026-10-06 19:37:30,026 | Epoch [159/161] evaluation | Photo->Monet FID: 109.157, MiFID: 0.3971 | Monet->Photo FID: 104.832, MiFID: 0.4187 | Average FID: 106.994, Average MiFID: 0.4079
2026-10-06 19:37:32,339 | Epoch [160/161] Step [1/5630] | G: 2.2949 | D_A: 0.1155 | D_B: 0.0190
2026-10-06 19:38:19,188 | Epoch [160/161] Step [500/5630] | G: 3.2865 | D_A: 0.2323 | D_B: 0.0109
2026-10-06 19:39:06,172 | Epoch [160/161] Step [1000/5630] | G: 2.8354 | D_A: 0.1410 | D_B: 0.0196
2026-10-06 19:39:53,689 | Epoch [160/161] Step [1500/5630] | G: 2.4963 | D_A: 0.1147 | D_B: 0.0098
2026-10-06 19:40:41,998 | Epoch [160/161] Step [2000/5630] | G: 2.0290 | D_A: 0.0993 | D_B: 0.0227
2026-10-06 19:41:29,875 | Epoch [160/161] Step [2500/5630] | G: 2.5751 | D_A: 0.1432 | D_B: 0.0121
2026-10-06 19:42:17,339 | Epoch [160/161] Step [3000/5630] | G: 2.5648 | D_A: 0.1275 | D_B: 0.0236
2026-10-06 19:43:05,093 | Epoch [160/161] Step [3500/5630] | G: 2.3090 | D_A: 0.3117 | D_B: 0.0178
2026-10-06 19:43:52,508 | Epoch [160/161] Step [4000/5630] | G: 2.9194 | D_A: 0.2372 | D_B: 0.0111
2026-10-06 19:44:39,863 | Epoch [160/161] Step [4500/5630] | G: 2.3532 | D_A: 0.1427 | D_B: 0.0453
2026-10-06 19:45:27,170 | Epoch [160/161] Step [5000/5630] | G: 2.6788 | D_A: 0.1054 | D_B: 0.0724
2026-10-06 19:46:14,333 | Epoch [160/161] Step [5500/5630] | G: 3.0973 | D_A: 0.2447 | D_B: 0.0259
2026-10-06 19:46:26,731 | Epoch [160/161] done | G: 2.4927 | D_A: 0.1652 | D_B: 0.0239 | lr_G: 0.0000091 | lr_D_A: 0.0000091 | lr_D_B: 0.0000027
2026-10-06 19:47:10,373 | Epoch [160/161] evaluation | Photo->Monet FID: 109.622, MiFID: 0.3974 | Monet->Photo FID: 103.674, MiFID: 0.4186 | Average FID: 106.648, Average MiFID: 0.4080
2026-10-06 19:47:12,821 | Epoch [161/161] Step [1/5630] | G: 2.9598 | D_A: 0.0703 | D_B: 0.0245
2026-10-06 19:48:00,611 | Epoch [161/161] Step [500/5630] | G: 2.8021 | D_A: 0.3571 | D_B: 0.0207
2026-10-06 19:48:47,736 | Epoch [161/161] Step [1000/5630] | G: 2.8918 | D_A: 0.2067 | D_B: 0.0218
2026-10-06 19:49:35,202 | Epoch [161/161] Step [1500/5630] | G: 1.9099 | D_A: 0.1757 | D_B: 0.0449
2026-10-06 19:50:22,468 | Epoch [161/161] Step [2000/5630] | G: 2.5478 | D_A: 0.1023 | D_B: 0.0256
2026-10-06 19:51:09,537 | Epoch [161/161] Step [2500/5630] | G: 2.6641 | D_A: 0.1630 | D_B: 0.0260
2026-10-06 19:51:57,057 | Epoch [161/161] Step [3000/5630] | G: 2.2142 | D_A: 0.1782 | D_B: 0.0293
2026-10-06 19:52:44,648 | Epoch [161/161] Step [3500/5630] | G: 2.7054 | D_A: 0.1071 | D_B: 0.0153
2026-10-06 19:53:32,103 | Epoch [161/161] Step [4000/5630] | G: 2.3903 | D_A: 0.1618 | D_B: 0.0269
2026-10-06 19:54:19,934 | Epoch [161/161] Step [4500/5630] | G: 2.4314 | D_A: 0.1571 | D_B: 0.0149
2026-10-06 19:55:07,538 | Epoch [161/161] Step [5000/5630] | G: 2.6099 | D_A: 0.1286 | D_B: 0.0174
2026-10-06 19:55:55,038 | Epoch [161/161] Step [5500/5630] | G: 2.3468 | D_A: 0.1627 | D_B: 0.0180
2026-10-06 19:56:07,433 | Epoch [161/161] done | G: 2.4769 | D_A: 0.1639 | D_B: 0.0239 | lr_G: 0.0000000 | lr_D_A: 0.0000000 | lr_D_B: 0.0000000
2026-10-06 19:56:54,085 | Epoch [161/161] evaluation | Photo->Monet FID: 109.722, MiFID: 0.3972 | Monet->Photo FID: 105.201, MiFID: 0.4206 | Average FID: 107.462, Average MiFID: 0.4089
2026-10-06 19:56:56,023 | Training finished. Best average notebook FID: 104.952
2026-10-06 19:56:56,024 | Per-epoch results: runs/v3_finetune/fid_mifid_every_epoch.csv
